
> pino-futbol@0.1.0 build
> prisma generate && next build

Environment variables loaded from .env
Prisma schema loaded from prisma\schema.prisma

Ô£ö Generated Prisma Client (v6.4.1) to .\node_modules\@prisma\client in 85ms

Start by importing your Prisma Client (See: https://pris.ly/d/importing-client)

Tip: Curious about the SQL queries Prisma ORM generates? Optimize helps you enhance your visibility: https://pris.ly/tip-2-optimize

Ôû▓ Next.js 16.1.6 (Turbopack)
- Environments: .env

node.exe : ÔÜá The "middleware" file 
convention is deprecated. Please use 
"proxy" instead. Learn more: https://nextjs
.org/docs/messages/middleware-to-proxy
En C:\Program Files\nodejs\npm.ps1: 29 
Carácter: 3
+   & $NODE_EXE $NPM_CLI_JS $args
+   ~~~~~~~~~~~~~~~~~~~~~~~~~~~~~
    + CategoryInfo          : NotSpecified 
   : (ÔÜá The "middle...leware-to-proxy:S  
  tring) [], RemoteException
    + FullyQualifiedErrorId : NativeComman 
   dError
 
  Creating an optimized production build ...
Ô£ô Compiled successfully in 2.4s
  Running TypeScript ...
  Collecting page data using 11 workers ...
  Generating static pages using 11 workers (0/13) ...
  Generating static pages using 11 workers (3/13) 
  Generating static pages using 11 workers (6/13) 
  Generating static pages using 11 workers (9/13) 
Ô£ô Generating static pages using 11 workers (13/13) in 8.9s
  Finalizing page optimization ...

Route (app)
Ôöî Ôùï /
Ôö£ Ôùï /_not-found
Ôö£ ãÆ /admin
Ôö£ ãÆ /admin/canchas
Ôö£ ãÆ /admin/canchas/[id]/editar
Ôö£ ãÆ /admin/canchas/nueva
Ôö£ ãÆ /admin/categorias
Ôö£ ãÆ /admin/categorias/[id]/editar
Ôö£ ãÆ /admin/categorias/nueva
Ôö£ ãÆ /admin/equipos
Ôö£ ãÆ /admin/equipos/[id]/editar
Ôö£ ãÆ /admin/equipos/nuevo
Ôö£ ãÆ /admin/fixture
Ôö£ ãÆ /admin/fixture/[id]/editar
Ôö£ ãÆ /admin/fixture/[id]/resultado
Ôö£ ãÆ /admin/fixture/nuevo
Ôö£ ãÆ /admin/jugadores
Ôö£ ãÆ /admin/jugadores/[id]/editar
Ôö£ ãÆ /admin/jugadores/nuevo
Ôö£ Ôùï /admin/login
Ôö£ ãÆ /admin/noticias
Ôö£ ãÆ /admin/noticias/[id]/editar
Ôö£ ãÆ /admin/noticias/nueva
Ôö£ ãÆ /admin/perfil
Ôö£ ãÆ /api/auth/[...nextauth]
Ôö£ Ôùï /categorias/juveniles
Ôö£ Ôùï /categorias/primera
Ôö£ Ôùï /categorias/veteranos
Ôö£ Ôùï /contacto
Ôö£ ãÆ /fixture
Ôö£ Ôùï /noticias
Ôö£ ãÆ /noticias/[slug]
Ôö£ ãÆ /posiciones
Ôöö Ôùï /terrenos


ãÆ Proxy (Middleware)

Ôùï  (Static)   prerendered as static content
ãÆ  (Dynamic)  server-rendered on demand

